\BOOKMARK [1][-]{section*.4}{\376\377\144\130\211\201}{}% 1
\BOOKMARK [1][-]{section.1}{\376\377\225\356\230\230\200\314\146\157\116\016\133\236\163\260\166\356\150\007}{}% 2
\BOOKMARK [2][-]{subsection.1.1}{\376\377\163\260\133\236\200\314\146\157}{section.1}% 3
\BOOKMARK [2][-]{subsection.1.2}{\376\377\170\024\172\166\166\356\150\007}{section.1}% 4
\BOOKMARK [1][-]{section.2}{\376\377\174\373\176\337\145\160\143\156\116\016\152\041\127\127\143\245\123\343}{}% 5
\BOOKMARK [2][-]{subsection.2.1}{\376\377\116\214\176\364\116\323\136\223\136\372\152\041}{section.2}% 6
\BOOKMARK [2][-]{subsection.2.2}{\376\377\000P\0000\040\023\000P\0005\000\040\155\101\154\064\176\277}{section.2}% 7
\BOOKMARK [1][-]{section.3}{\376\377\152\041\127\127\122\006\135\345\116\016\213\376\172\013\167\345\213\306\160\271}{}% 8
\BOOKMARK [2][-]{subsection.3.1}{\376\377\116\224\116\052\135\345\117\134\123\005\122\022\122\006}{section.3}% 9
\BOOKMARK [2][-]{subsection.3.2}{\376\377\213\376\172\013\167\345\213\306\160\271\133\371\136\224}{section.3}% 10
\BOOKMARK [2][-]{subsection.3.3}{\376\377\150\070\137\303\142\020\147\234\151\202\211\310}{section.3}% 11
\BOOKMARK [1][-]{section.4}{\376\377\000P\0001\377\032\116\214\176\364\120\031\220\011\215\357\137\204\165\037\142\020}{}% 12
\BOOKMARK [2][-]{subsection.4.1}{\376\377\136\372\152\041\133\371\214\141\116\016\217\223\121\372\166\356\150\007}{section.4}% 13
\BOOKMARK [2][-]{subsection.4.2}{\376\377\173\227\154\325\150\106\147\266}{section.4}% 14
\BOOKMARK [2][-]{subsection.4.3}{\376\377\000G\000r\000i\000d\000\040\000A\000*\377\032\150\005\150\074\123\357\217\276\140\047\127\372\176\277}{section.4}% 15
\BOOKMARK [2][-]{subsection.4.4}{\376\377\000V\000G\377\032\123\357\211\306\126\376\121\340\117\125\147\000\167\355\215\357}{section.4}% 16
\BOOKMARK [2][-]{subsection.4.5}{\376\377\000A\000V\000G\377\032\122\240\121\145\217\154\211\322\120\117\131\175\166\204\130\236\137\072\123\357\211\306\126\376}{section.4}% 17
\BOOKMARK [2][-]{subsection.4.6}{\376\377\000D\000A\000V\000G\377\032\122\250\140\001\230\316\226\151\116\343\116\367\116\016\155\073\215\303\123\357\211\306\126\376}{section.4}% 18
\BOOKMARK [2][-]{subsection.4.7}{\376\377\173\227\154\325\133\371\153\324\133\236\232\214\213\276\213\241}{section.4}% 19
\BOOKMARK [2][-]{subsection.4.8}{\376\377\116\343\210\150\140\047\000\040\000O\000D\000\040\133\371\215\357\137\204\137\142\140\001\153\324\217\203}{section.4}% 20
\BOOKMARK [2][-]{subsection.4.9}{\376\377\000m\000i\000x\000e\000d\000\040\131\032\120\031\220\011\215\357\137\204\136\223}{section.4}% 21
\BOOKMARK [2][-]{subsection.4.10}{\376\377\217\223\121\372\143\245\123\343}{section.4}% 22
\BOOKMARK [2][-]{subsection.4.11}{\376\377\116\016\124\016\176\355\152\041\127\127\166\204\121\163\174\373}{section.4}% 23
\BOOKMARK [1][-]{section.5}{\376\377\000P\0002\377\032\116\373\122\241\122\006\221\115\116\016\116\373\122\241\143\222\136\217\152\041\127\213}{}% 24
\BOOKMARK [2][-]{subsection.5.1}{\376\377\217\223\121\145\060\001\217\223\121\372\116\016\121\263\173\126\121\205\133\271}{section.5}% 25
\BOOKMARK [2][-]{subsection.5.2}{\376\377\000P\0002\000\040\145\160\133\146\152\041\127\213}{section.5}% 26
\BOOKMARK [2][-]{subsection.5.3}{\376\377\166\356\150\007\211\304\122\022\123\343\137\204}{section.5}% 27
\BOOKMARK [2][-]{subsection.5.4}{\376\377\154\102\211\343\145\271\154\325\133\236\163\260}{section.5}% 28
\BOOKMARK [1][-]{section.6}{\376\377\000P\0003\377\032\145\366\172\172\217\150\217\371\134\125\137\000\116\016\121\262\172\201\117\356\131\015}{}% 29
\BOOKMARK [2][-]{subsection.6.1}{\376\377\000P\0003\000\040\166\204\117\134\165\050}{section.6}% 30
\BOOKMARK [2][-]{subsection.6.2}{\376\377\121\262\172\201\150\300\155\113\152\041\127\213}{section.6}% 31
\BOOKMARK [2][-]{subsection.6.3}{\376\377\117\356\131\015\173\126\165\145\116\016\166\356\150\007}{section.6}% 32
\BOOKMARK [1][-]{section.7}{\376\377\000P\0004\377\032\122\250\140\001\116\213\116\366\116\016\156\332\122\250\145\366\127\337\221\315\143\222}{}% 33
\BOOKMARK [2][-]{subsection.7.1}{\376\377\122\250\140\001\116\213\116\366}{section.7}% 34
\BOOKMARK [2][-]{subsection.7.2}{\376\377\156\332\122\250\221\315\143\222\152\041\127\213}{section.7}% 35
\BOOKMARK [2][-]{subsection.7.3}{\376\377\000P\0004\000\040\166\356\150\007\123\343\137\204}{section.7}% 36
\BOOKMARK [1][-]{section.8}{\376\377\000P\0005\377\032\160\165\145\117\136\246\122\006\147\220}{}% 37
\BOOKMARK [2][-]{subsection.8.1}{\376\377\127\372\176\277\150\041\232\214\116\016\123\140\165\050\160\355\160\271\213\306\122\053}{section.8}% 38
\BOOKMARK [2][-]{subsection.8.2}{\376\377\000A\000M\000R\000\040\145\160\221\317\166\204\215\104\156\220\217\271\226\105\122\006\147\220}{section.8}% 39
\BOOKMARK [2][-]{subsection.8.3}{\376\377\116\373\122\241\215\037\203\167\116\016\174\373\176\337\133\271\221\317\217\271\165\114}{section.8}% 40
\BOOKMARK [2][-]{subsection.8.4}{\376\377\164\366\230\210\172\172\225\364\174\007\116\016\133\271\221\317\137\161\133\120\116\367\120\074}{section.8}% 41
\BOOKMARK [2][-]{subsection.8.5}{\376\377\000M\000o\000r\000r\000i\000s\000\040\116\016\000\040\000S\000o\000b\000o\000l\000\040\121\150\134\100\160\165\145\117\136\246\173\133\220\011}{section.8}% 42
\BOOKMARK [1][-]{section.9}{\376\377\133\236\232\214\176\323\147\234\116\016\122\006\147\220}{}% 43
\BOOKMARK [2][-]{subsection.9.1}{\376\377\215\357\137\204\156\220\133\371\214\003\136\246\176\323\147\234\166\204\137\161\124\315}{section.9}% 44
\BOOKMARK [2][-]{subsection.9.2}{\376\377\000P\0002\000\040\145\271\154\325\133\371\153\324}{section.9}% 45
\BOOKMARK [2][-]{subsection.9.3}{\376\377\000P\0002\000\040\145\117\141\037\140\047\122\006\147\220}{section.9}% 46
\BOOKMARK [2][-]{subsection.9.4}{\376\377\000P\0003\000\040\121\262\172\201\117\356\131\015\176\323\147\234}{section.9}% 47
\BOOKMARK [2][-]{subsection.9.5}{\376\377\000P\0004\000\040\122\250\140\001\156\332\122\250\221\315\143\222\176\323\147\234}{section.9}% 48
\BOOKMARK [1][-]{section.10}{\376\377\176\323\213\272}{}% 49
\BOOKMARK [1][-]{appendix.A}{\376\377\142\020\124\130\122\006\135\345}{}% 50
